
> biscuits-ia@0.0.1 build
> astro build

05:39:21 [content] Syncing content
05:39:21 [content] Synced content
05:39:21 [types] Generated 686ms
05:39:21 [build] output: "server"
05:39:21 [build] mode: "server"
05:39:21 [build] directory: C:\Users\Sweetosky\Documents\htdoc\Biscuits IA\website_biscuits\dist\
05:39:21 [build] adapter: @astrojs/vercel
05:39:21 [build] Collecting build info...
05:39:21 [build] ✓ Completed in 887ms.
05:39:21 [build] Building server entrypoints...
05:39:22 [vite] ✓ built in 1.25s
05:39:24 [vite] ✓ built in 1.32s
05:39:24 [vite] ✓ built in 173ms

 prerendering static routes 
05:39:24   ├─ /ateliers/index.html05:39:24 [WARN] `Astro.request.headers` was used when rendering the route `src/pages/ateliers.astro'`. `Astro.request.headers` is not available on prerendered pages. If you need access to request headers, make sure that the page is server-rendered using `export const prerender = false;` or by setting `output` to `"server"` in your Astro config to make all your pages server-rendered by default.
05:39:24 [WARN] `Astro.request.headers` was used when rendering the route `src/pages/ateliers.astro'`. `Astro.request.headers` is not available on prerendered pages. If you need access to request headers, make sure that the page is server-rendered using `export const prerender = false;` or by setting `output` to `"server"` in your Astro config to make all your pages server-rendered by default.
05:39:24 [WARN] `Astro.request.headers` was used when rendering the route `src/pages/ateliers.astro'`. `Astro.request.headers` is not available on prerendered pages. If you need access to request headers, make sure that the page is server-rendered using `export const prerender = false;` or by setting `output` to `"server"` in your Astro config to make all your pages server-rendered by default.
05:39:24 [WARN] `Astro.request.headers` was used when rendering the route `src/pages/ateliers.astro'`. `Astro.request.headers` is not available on prerendered pages. If you need access to request headers, make sure that the page is server-rendered using `export const prerender = false;` or by setting `output` to `"server"` in your Astro config to make all your pages server-rendered by default.
 (+7.21s) 
05:39:31   ├─ /blog/tag/arnaque/index.html05:39:31 [WARN] `Astro.request.headers` was used when rendering the route `src/pages/blog/tag/[tag].astro'`. `Astro.request.headers` is not available on prerendered pages. If you need access to request headers, make sure that the page is server-rendered using `export const prerender = false;` or by setting `output` to `"server"` in your Astro config to make all your pages server-rendered by default.
05:39:31 [WARN] `Astro.request.headers` was used when rendering the route `src/pages/blog/tag/[tag].astro'`. `Astro.request.headers` is not available on prerendered pages. If you need access to request headers, make sure that the page is server-rendered using `export const prerender = false;` or by setting `output` to `"server"` in your Astro config to make all your pages server-rendered by default.
05:39:31 [WARN] `Astro.request.headers` was used when rendering the route `src/pages/blog/tag/[tag].astro'`. `Astro.request.headers` is not available on prerendered pages. If you need access to request headers, make sure that the page is server-rendered using `export const prerender = false;` or by setting `output` to `"server"` in your Astro config to make all your pages server-rendered by default.
05:39:31 [WARN] `Astro.request.headers` was used when rendering the route `src/pages/blog/tag/[tag].astro'`. `Astro.request.headers` is not available on prerendered pages. If you need access to request headers, make sure that the page is server-rendered using `export const prerender = false;` or by setting `output` to `"server"` in your Astro config to make all your pages server-rendered by default.
 (+12ms) 
05:39:31   ├─ /blog/tag/fraude/index.html05:39:31 [WARN] `Astro.request.headers` was used when rendering the route `src/pages/blog/tag/[tag].astro'`. `Astro.request.headers` is not available on prerendered pages. If you need access to request headers, make sure that the page is server-rendered using `export const prerender = false;` or by setting `output` to `"server"` in your Astro config to make all your pages server-rendered by default.
05:39:31 [WARN] `Astro.request.headers` was used when rendering the route `src/pages/blog/tag/[tag].astro'`. `Astro.request.headers` is not available on prerendered pages. If you need access to request headers, make sure that the page is server-rendered using `export const prerender = false;` or by setting `output` to `"server"` in your Astro config to make all your pages server-rendered by default.
05:39:31 [WARN] `Astro.request.headers` was used when rendering the route `src/pages/blog/tag/[tag].astro'`. `Astro.request.headers` is not available on prerendered pages. If you need access to request headers, make sure that the page is server-rendered using `export const prerender = false;` or by setting `output` to `"server"` in your Astro config to make all your pages server-rendered by default.
05:39:31 [WARN] `Astro.request.headers` was used when rendering the route `src/pages/blog/tag/[tag].astro'`. `Astro.request.headers` is not available on prerendered pages. If you need access to request headers, make sure that the page is server-rendered using `export const prerender = false;` or by setting `output` to `"server"` in your Astro config to make all your pages server-rendered by default.
 (+7ms) 
05:39:31   ├─ /blog/tag/cybersecurite/index.html05:39:31 [WARN] `Astro.request.headers` was used when rendering the route `src/pages/blog/tag/[tag].astro'`. `Astro.request.headers` is not available on prerendered pages. If you need access to request headers, make sure that the page is server-rendered using `export const prerender = false;` or by setting `output` to `"server"` in your Astro config to make all your pages server-rendered by default.
05:39:31 [WARN] `Astro.request.headers` was used when rendering the route `src/pages/blog/tag/[tag].astro'`. `Astro.request.headers` is not available on prerendered pages. If you need access to request headers, make sure that the page is server-rendered using `export const prerender = false;` or by setting `output` to `"server"` in your Astro config to make all your pages server-rendered by default.
05:39:31 [WARN] `Astro.request.headers` was used when rendering the route `src/pages/blog/tag/[tag].astro'`. `Astro.request.headers` is not available on prerendered pages. If you need access to request headers, make sure that the page is server-rendered using `export const prerender = false;` or by setting `output` to `"server"` in your Astro config to make all your pages server-rendered by default.
05:39:31 [WARN] `Astro.request.headers` was used when rendering the route `src/pages/blog/tag/[tag].astro'`. `Astro.request.headers` is not available on prerendered pages. If you need access to request headers, make sure that the page is server-rendered using `export const prerender = false;` or by setting `output` to `"server"` in your Astro config to make all your pages server-rendered by default.
 (+8ms) 
05:39:31   ├─ /blog/tag/ia/index.html05:39:31 [WARN] `Astro.request.headers` was used when rendering the route `src/pages/blog/tag/[tag].astro'`. `Astro.request.headers` is not available on prerendered pages. If you need access to request headers, make sure that the page is server-rendered using `export const prerender = false;` or by setting `output` to `"server"` in your Astro config to make all your pages server-rendered by default.
05:39:31 [WARN] `Astro.request.headers` was used when rendering the route `src/pages/blog/tag/[tag].astro'`. `Astro.request.headers` is not available on prerendered pages. If you need access to request headers, make sure that the page is server-rendered using `export const prerender = false;` or by setting `output` to `"server"` in your Astro config to make all your pages server-rendered by default.
05:39:31 [WARN] `Astro.request.headers` was used when rendering the route `src/pages/blog/tag/[tag].astro'`. `Astro.request.headers` is not available on prerendered pages. If you need access to request headers, make sure that the page is server-rendered using `export const prerender = false;` or by setting `output` to `"server"` in your Astro config to make all your pages server-rendered by default.
05:39:31 [WARN] `Astro.request.headers` was used when rendering the route `src/pages/blog/tag/[tag].astro'`. `Astro.request.headers` is not available on prerendered pages. If you need access to request headers, make sure that the page is server-rendered using `export const prerender = false;` or by setting `output` to `"server"` in your Astro config to make all your pages server-rendered by default.
 (+9ms) 
05:39:31   ├─ /blog/tag/associations/index.html05:39:31 [WARN] `Astro.request.headers` was used when rendering the route `src/pages/blog/tag/[tag].astro'`. `Astro.request.headers` is not available on prerendered pages. If you need access to request headers, make sure that the page is server-rendered using `export const prerender = false;` or by setting `output` to `"server"` in your Astro config to make all your pages server-rendered by default.
05:39:31 [WARN] `Astro.request.headers` was used when rendering the route `src/pages/blog/tag/[tag].astro'`. `Astro.request.headers` is not available on prerendered pages. If you need access to request headers, make sure that the page is server-rendered using `export const prerender = false;` or by setting `output` to `"server"` in your Astro config to make all your pages server-rendered by default.
05:39:31 [WARN] `Astro.request.headers` was used when rendering the route `src/pages/blog/tag/[tag].astro'`. `Astro.request.headers` is not available on prerendered pages. If you need access to request headers, make sure that the page is server-rendered using `export const prerender = false;` or by setting `output` to `"server"` in your Astro config to make all your pages server-rendered by default.
05:39:31 [WARN] `Astro.request.headers` was used when rendering the route `src/pages/blog/tag/[tag].astro'`. `Astro.request.headers` is not available on prerendered pages. If you need access to request headers, make sure that the page is server-rendered using `export const prerender = false;` or by setting `output` to `"server"` in your Astro config to make all your pages server-rendered by default.
 (+7ms) 
05:39:31   ├─ /blog/tag/automatisation/index.html05:39:31 [WARN] `Astro.request.headers` was used when rendering the route `src/pages/blog/tag/[tag].astro'`. `Astro.request.headers` is not available on prerendered pages. If you need access to request headers, make sure that the page is server-rendered using `export const prerender = false;` or by setting `output` to `"server"` in your Astro config to make all your pages server-rendered by default.
05:39:31 [WARN] `Astro.request.headers` was used when rendering the route `src/pages/blog/tag/[tag].astro'`. `Astro.request.headers` is not available on prerendered pages. If you need access to request headers, make sure that the page is server-rendered using `export const prerender = false;` or by setting `output` to `"server"` in your Astro config to make all your pages server-rendered by default.
05:39:31 [WARN] `Astro.request.headers` was used when rendering the route `src/pages/blog/tag/[tag].astro'`. `Astro.request.headers` is not available on prerendered pages. If you need access to request headers, make sure that the page is server-rendered using `export const prerender = false;` or by setting `output` to `"server"` in your Astro config to make all your pages server-rendered by default.
05:39:31 [WARN] `Astro.request.headers` was used when rendering the route `src/pages/blog/tag/[tag].astro'`. `Astro.request.headers` is not available on prerendered pages. If you need access to request headers, make sure that the page is server-rendered using `export const prerender = false;` or by setting `output` to `"server"` in your Astro config to make all your pages server-rendered by default.
 (+6ms) 
05:39:31   ├─ /blog/tag/productivite/index.html05:39:31 [WARN] `Astro.request.headers` was used when rendering the route `src/pages/blog/tag/[tag].astro'`. `Astro.request.headers` is not available on prerendered pages. If you need access to request headers, make sure that the page is server-rendered using `export const prerender = false;` or by setting `output` to `"server"` in your Astro config to make all your pages server-rendered by default.
05:39:31 [WARN] `Astro.request.headers` was used when rendering the route `src/pages/blog/tag/[tag].astro'`. `Astro.request.headers` is not available on prerendered pages. If you need access to request headers, make sure that the page is server-rendered using `export const prerender = false;` or by setting `output` to `"server"` in your Astro config to make all your pages server-rendered by default.
05:39:31 [WARN] `Astro.request.headers` was used when rendering the route `src/pages/blog/tag/[tag].astro'`. `Astro.request.headers` is not available on prerendered pages. If you need access to request headers, make sure that the page is server-rendered using `export const prerender = false;` or by setting `output` to `"server"` in your Astro config to make all your pages server-rendered by default.
05:39:31 [WARN] `Astro.request.headers` was used when rendering the route `src/pages/blog/tag/[tag].astro'`. `Astro.request.headers` is not available on prerendered pages. If you need access to request headers, make sure that the page is server-rendered using `export const prerender = false;` or by setting `output` to `"server"` in your Astro config to make all your pages server-rendered by default.
 (+7ms) 
05:39:31   ├─ /blog/tag/chatgpt/index.html05:39:31 [WARN] `Astro.request.headers` was used when rendering the route `src/pages/blog/tag/[tag].astro'`. `Astro.request.headers` is not available on prerendered pages. If you need access to request headers, make sure that the page is server-rendered using `export const prerender = false;` or by setting `output` to `"server"` in your Astro config to make all your pages server-rendered by default.
05:39:31 [WARN] `Astro.request.headers` was used when rendering the route `src/pages/blog/tag/[tag].astro'`. `Astro.request.headers` is not available on prerendered pages. If you need access to request headers, make sure that the page is server-rendered using `export const prerender = false;` or by setting `output` to `"server"` in your Astro config to make all your pages server-rendered by default.
05:39:31 [WARN] `Astro.request.headers` was used when rendering the route `src/pages/blog/tag/[tag].astro'`. `Astro.request.headers` is not available on prerendered pages. If you need access to request headers, make sure that the page is server-rendered using `export const prerender = false;` or by setting `output` to `"server"` in your Astro config to make all your pages server-rendered by default.
05:39:31 [WARN] `Astro.request.headers` was used when rendering the route `src/pages/blog/tag/[tag].astro'`. `Astro.request.headers` is not available on prerendered pages. If you need access to request headers, make sure that the page is server-rendered using `export const prerender = false;` or by setting `output` to `"server"` in your Astro config to make all your pages server-rendered by default.
 (+8ms) 
05:39:32   ├─ /blog/tag/chatbot/index.html05:39:32 [WARN] `Astro.request.headers` was used when rendering the route `src/pages/blog/tag/[tag].astro'`. `Astro.request.headers` is not available on prerendered pages. If you need access to request headers, make sure that the page is server-rendered using `export const prerender = false;` or by setting `output` to `"server"` in your Astro config to make all your pages server-rendered by default.
05:39:32 [WARN] `Astro.request.headers` was used when rendering the route `src/pages/blog/tag/[tag].astro'`. `Astro.request.headers` is not available on prerendered pages. If you need access to request headers, make sure that the page is server-rendered using `export const prerender = false;` or by setting `output` to `"server"` in your Astro config to make all your pages server-rendered by default.
05:39:32 [WARN] `Astro.request.headers` was used when rendering the route `src/pages/blog/tag/[tag].astro'`. `Astro.request.headers` is not available on prerendered pages. If you need access to request headers, make sure that the page is server-rendered using `export const prerender = false;` or by setting `output` to `"server"` in your Astro config to make all your pages server-rendered by default.
05:39:32 [WARN] `Astro.request.headers` was used when rendering the route `src/pages/blog/tag/[tag].astro'`. `Astro.request.headers` is not available on prerendered pages. If you need access to request headers, make sure that the page is server-rendered using `export const prerender = false;` or by setting `output` to `"server"` in your Astro config to make all your pages server-rendered by default.
 (+7ms) 
05:39:32   ├─ /blog/tag/claude/index.html05:39:32 [WARN] `Astro.request.headers` was used when rendering the route `src/pages/blog/tag/[tag].astro'`. `Astro.request.headers` is not available on prerendered pages. If you need access to request headers, make sure that the page is server-rendered using `export const prerender = false;` or by setting `output` to `"server"` in your Astro config to make all your pages server-rendered by default.
05:39:32 [WARN] `Astro.request.headers` was used when rendering the route `src/pages/blog/tag/[tag].astro'`. `Astro.request.headers` is not available on prerendered pages. If you need access to request headers, make sure that the page is server-rendered using `export const prerender = false;` or by setting `output` to `"server"` in your Astro config to make all your pages server-rendered by default.
05:39:32 [WARN] `Astro.request.headers` was used when rendering the route `src/pages/blog/tag/[tag].astro'`. `Astro.request.headers` is not available on prerendered pages. If you need access to request headers, make sure that the page is server-rendered using `export const prerender = false;` or by setting `output` to `"server"` in your Astro config to make all your pages server-rendered by default.
05:39:32 [WARN] `Astro.request.headers` was used when rendering the route `src/pages/blog/tag/[tag].astro'`. `Astro.request.headers` is not available on prerendered pages. If you need access to request headers, make sure that the page is server-rendered using `export const prerender = false;` or by setting `output` to `"server"` in your Astro config to make all your pages server-rendered by default.
 (+6ms) 
05:39:32   ├─ /blog/tag/guide-pratique/index.html05:39:32 [WARN] `Astro.request.headers` was used when rendering the route `src/pages/blog/tag/[tag].astro'`. `Astro.request.headers` is not available on prerendered pages. If you need access to request headers, make sure that the page is server-rendered using `export const prerender = false;` or by setting `output` to `"server"` in your Astro config to make all your pages server-rendered by default.
05:39:32 [WARN] `Astro.request.headers` was used when rendering the route `src/pages/blog/tag/[tag].astro'`. `Astro.request.headers` is not available on prerendered pages. If you need access to request headers, make sure that the page is server-rendered using `export const prerender = false;` or by setting `output` to `"server"` in your Astro config to make all your pages server-rendered by default.
05:39:32 [WARN] `Astro.request.headers` was used when rendering the route `src/pages/blog/tag/[tag].astro'`. `Astro.request.headers` is not available on prerendered pages. If you need access to request headers, make sure that the page is server-rendered using `export const prerender = false;` or by setting `output` to `"server"` in your Astro config to make all your pages server-rendered by default.
05:39:32 [WARN] `Astro.request.headers` was used when rendering the route `src/pages/blog/tag/[tag].astro'`. `Astro.request.headers` is not available on prerendered pages. If you need access to request headers, make sure that the page is server-rendered using `export const prerender = false;` or by setting `output` to `"server"` in your Astro config to make all your pages server-rendered by default.
 (+5ms) 
05:39:32   ├─ /blog/tag/securite/index.html05:39:32 [WARN] `Astro.request.headers` was used when rendering the route `src/pages/blog/tag/[tag].astro'`. `Astro.request.headers` is not available on prerendered pages. If you need access to request headers, make sure that the page is server-rendered using `export const prerender = false;` or by setting `output` to `"server"` in your Astro config to make all your pages server-rendered by default.
05:39:32 [WARN] `Astro.request.headers` was used when rendering the route `src/pages/blog/tag/[tag].astro'`. `Astro.request.headers` is not available on prerendered pages. If you need access to request headers, make sure that the page is server-rendered using `export const prerender = false;` or by setting `output` to `"server"` in your Astro config to make all your pages server-rendered by default.
05:39:32 [WARN] `Astro.request.headers` was used when rendering the route `src/pages/blog/tag/[tag].astro'`. `Astro.request.headers` is not available on prerendered pages. If you need access to request headers, make sure that the page is server-rendered using `export const prerender = false;` or by setting `output` to `"server"` in your Astro config to make all your pages server-rendered by default.
05:39:32 [WARN] `Astro.request.headers` was used when rendering the route `src/pages/blog/tag/[tag].astro'`. `Astro.request.headers` is not available on prerendered pages. If you need access to request headers, make sure that the page is server-rendered using `export const prerender = false;` or by setting `output` to `"server"` in your Astro config to make all your pages server-rendered by default.
 (+7ms) 
05:39:32   ├─ /blog/tag/mots-de-passe/index.html05:39:32 [WARN] `Astro.request.headers` was used when rendering the route `src/pages/blog/tag/[tag].astro'`. `Astro.request.headers` is not available on prerendered pages. If you need access to request headers, make sure that the page is server-rendered using `export const prerender = false;` or by setting `output` to `"server"` in your Astro config to make all your pages server-rendered by default.
05:39:32 [WARN] `Astro.request.headers` was used when rendering the route `src/pages/blog/tag/[tag].astro'`. `Astro.request.headers` is not available on prerendered pages. If you need access to request headers, make sure that the page is server-rendered using `export const prerender = false;` or by setting `output` to `"server"` in your Astro config to make all your pages server-rendered by default.
05:39:32 [WARN] `Astro.request.headers` was used when rendering the route `src/pages/blog/tag/[tag].astro'`. `Astro.request.headers` is not available on prerendered pages. If you need access to request headers, make sure that the page is server-rendered using `export const prerender = false;` or by setting `output` to `"server"` in your Astro config to make all your pages server-rendered by default.
05:39:32 [WARN] `Astro.request.headers` was used when rendering the route `src/pages/blog/tag/[tag].astro'`. `Astro.request.headers` is not available on prerendered pages. If you need access to request headers, make sure that the page is server-rendered using `export const prerender = false;` or by setting `output` to `"server"` in your Astro config to make all your pages server-rendered by default.
 (+7ms) 
05:39:32   ├─ /blog/tag/pratique/index.html05:39:32 [WARN] `Astro.request.headers` was used when rendering the route `src/pages/blog/tag/[tag].astro'`. `Astro.request.headers` is not available on prerendered pages. If you need access to request headers, make sure that the page is server-rendered using `export const prerender = false;` or by setting `output` to `"server"` in your Astro config to make all your pages server-rendered by default.
05:39:32 [WARN] `Astro.request.headers` was used when rendering the route `src/pages/blog/tag/[tag].astro'`. `Astro.request.headers` is not available on prerendered pages. If you need access to request headers, make sure that the page is server-rendered using `export const prerender = false;` or by setting `output` to `"server"` in your Astro config to make all your pages server-rendered by default.
05:39:32 [WARN] `Astro.request.headers` was used when rendering the route `src/pages/blog/tag/[tag].astro'`. `Astro.request.headers` is not available on prerendered pages. If you need access to request headers, make sure that the page is server-rendered using `export const prerender = false;` or by setting `output` to `"server"` in your Astro config to make all your pages server-rendered by default.
05:39:32 [WARN] `Astro.request.headers` was used when rendering the route `src/pages/blog/tag/[tag].astro'`. `Astro.request.headers` is not available on prerendered pages. If you need access to request headers, make sure that the page is server-rendered using `export const prerender = false;` or by setting `output` to `"server"` in your Astro config to make all your pages server-rendered by default.
 (+7ms) 
05:39:32   ├─ /blog/tag/deepfake/index.html05:39:32 [WARN] `Astro.request.headers` was used when rendering the route `src/pages/blog/tag/[tag].astro'`. `Astro.request.headers` is not available on prerendered pages. If you need access to request headers, make sure that the page is server-rendered using `export const prerender = false;` or by setting `output` to `"server"` in your Astro config to make all your pages server-rendered by default.
05:39:32 [WARN] `Astro.request.headers` was used when rendering the route `src/pages/blog/tag/[tag].astro'`. `Astro.request.headers` is not available on prerendered pages. If you need access to request headers, make sure that the page is server-rendered using `export const prerender = false;` or by setting `output` to `"server"` in your Astro config to make all your pages server-rendered by default.
05:39:32 [WARN] `Astro.request.headers` was used when rendering the route `src/pages/blog/tag/[tag].astro'`. `Astro.request.headers` is not available on prerendered pages. If you need access to request headers, make sure that the page is server-rendered using `export const prerender = false;` or by setting `output` to `"server"` in your Astro config to make all your pages server-rendered by default.
05:39:32 [WARN] `Astro.request.headers` was used when rendering the route `src/pages/blog/tag/[tag].astro'`. `Astro.request.headers` is not available on prerendered pages. If you need access to request headers, make sure that the page is server-rendered using `export const prerender = false;` or by setting `output` to `"server"` in your Astro config to make all your pages server-rendered by default.
 (+6ms) 
05:39:32   ├─ /blog/tag/sensibilisation/index.html05:39:32 [WARN] `Astro.request.headers` was used when rendering the route `src/pages/blog/tag/[tag].astro'`. `Astro.request.headers` is not available on prerendered pages. If you need access to request headers, make sure that the page is server-rendered using `export const prerender = false;` or by setting `output` to `"server"` in your Astro config to make all your pages server-rendered by default.
05:39:32 [WARN] `Astro.request.headers` was used when rendering the route `src/pages/blog/tag/[tag].astro'`. `Astro.request.headers` is not available on prerendered pages. If you need access to request headers, make sure that the page is server-rendered using `export const prerender = false;` or by setting `output` to `"server"` in your Astro config to make all your pages server-rendered by default.
05:39:32 [WARN] `Astro.request.headers` was used when rendering the route `src/pages/blog/tag/[tag].astro'`. `Astro.request.headers` is not available on prerendered pages. If you need access to request headers, make sure that the page is server-rendered using `export const prerender = false;` or by setting `output` to `"server"` in your Astro config to make all your pages server-rendered by default.
05:39:32 [WARN] `Astro.request.headers` was used when rendering the route `src/pages/blog/tag/[tag].astro'`. `Astro.request.headers` is not available on prerendered pages. If you need access to request headers, make sure that the page is server-rendered using `export const prerender = false;` or by setting `output` to `"server"` in your Astro config to make all your pages server-rendered by default.
 (+6ms) 
05:39:32   ├─ /blog/tag/reseaux-sociaux/index.html05:39:32 [WARN] `Astro.request.headers` was used when rendering the route `src/pages/blog/tag/[tag].astro'`. `Astro.request.headers` is not available on prerendered pages. If you need access to request headers, make sure that the page is server-rendered using `export const prerender = false;` or by setting `output` to `"server"` in your Astro config to make all your pages server-rendered by default.
05:39:32 [WARN] `Astro.request.headers` was used when rendering the route `src/pages/blog/tag/[tag].astro'`. `Astro.request.headers` is not available on prerendered pages. If you need access to request headers, make sure that the page is server-rendered using `export const prerender = false;` or by setting `output` to `"server"` in your Astro config to make all your pages server-rendered by default.
05:39:32 [WARN] `Astro.request.headers` was used when rendering the route `src/pages/blog/tag/[tag].astro'`. `Astro.request.headers` is not available on prerendered pages. If you need access to request headers, make sure that the page is server-rendered using `export const prerender = false;` or by setting `output` to `"server"` in your Astro config to make all your pages server-rendered by default.
05:39:32 [WARN] `Astro.request.headers` was used when rendering the route `src/pages/blog/tag/[tag].astro'`. `Astro.request.headers` is not available on prerendered pages. If you need access to request headers, make sure that the page is server-rendered using `export const prerender = false;` or by setting `output` to `"server"` in your Astro config to make all your pages server-rendered by default.
 (+6ms) 
05:39:32   ├─ /blog/tag/desinformation/index.html05:39:32 [WARN] `Astro.request.headers` was used when rendering the route `src/pages/blog/tag/[tag].astro'`. `Astro.request.headers` is not available on prerendered pages. If you need access to request headers, make sure that the page is server-rendered using `export const prerender = false;` or by setting `output` to `"server"` in your Astro config to make all your pages server-rendered by default.
05:39:32 [WARN] `Astro.request.headers` was used when rendering the route `src/pages/blog/tag/[tag].astro'`. `Astro.request.headers` is not available on prerendered pages. If you need access to request headers, make sure that the page is server-rendered using `export const prerender = false;` or by setting `output` to `"server"` in your Astro config to make all your pages server-rendered by default.
05:39:32 [WARN] `Astro.request.headers` was used when rendering the route `src/pages/blog/tag/[tag].astro'`. `Astro.request.headers` is not available on prerendered pages. If you need access to request headers, make sure that the page is server-rendered using `export const prerender = false;` or by setting `output` to `"server"` in your Astro config to make all your pages server-rendered by default.
05:39:32 [WARN] `Astro.request.headers` was used when rendering the route `src/pages/blog/tag/[tag].astro'`. `Astro.request.headers` is not available on prerendered pages. If you need access to request headers, make sure that the page is server-rendered using `export const prerender = false;` or by setting `output` to `"server"` in your Astro config to make all your pages server-rendered by default.
 (+5ms) 
05:39:32   ├─ /blog/tag/phishing/index.html05:39:32 [WARN] `Astro.request.headers` was used when rendering the route `src/pages/blog/tag/[tag].astro'`. `Astro.request.headers` is not available on prerendered pages. If you need access to request headers, make sure that the page is server-rendered using `export const prerender = false;` or by setting `output` to `"server"` in your Astro config to make all your pages server-rendered by default.
05:39:32 [WARN] `Astro.request.headers` was used when rendering the route `src/pages/blog/tag/[tag].astro'`. `Astro.request.headers` is not available on prerendered pages. If you need access to request headers, make sure that the page is server-rendered using `export const prerender = false;` or by setting `output` to `"server"` in your Astro config to make all your pages server-rendered by default.
05:39:32 [WARN] `Astro.request.headers` was used when rendering the route `src/pages/blog/tag/[tag].astro'`. `Astro.request.headers` is not available on prerendered pages. If you need access to request headers, make sure that the page is server-rendered using `export const prerender = false;` or by setting `output` to `"server"` in your Astro config to make all your pages server-rendered by default.
05:39:32 [WARN] `Astro.request.headers` was used when rendering the route `src/pages/blog/tag/[tag].astro'`. `Astro.request.headers` is not available on prerendered pages. If you need access to request headers, make sure that the page is server-rendered using `export const prerender = false;` or by setting `output` to `"server"` in your Astro config to make all your pages server-rendered by default.
 (+22ms) 
05:39:32   ├─ /blog/tag/rgpd/index.html05:39:32 [WARN] `Astro.request.headers` was used when rendering the route `src/pages/blog/tag/[tag].astro'`. `Astro.request.headers` is not available on prerendered pages. If you need access to request headers, make sure that the page is server-rendered using `export const prerender = false;` or by setting `output` to `"server"` in your Astro config to make all your pages server-rendered by default.
05:39:32 [WARN] `Astro.request.headers` was used when rendering the route `src/pages/blog/tag/[tag].astro'`. `Astro.request.headers` is not available on prerendered pages. If you need access to request headers, make sure that the page is server-rendered using `export const prerender = false;` or by setting `output` to `"server"` in your Astro config to make all your pages server-rendered by default.
05:39:32 [WARN] `Astro.request.headers` was used when rendering the route `src/pages/blog/tag/[tag].astro'`. `Astro.request.headers` is not available on prerendered pages. If you need access to request headers, make sure that the page is server-rendered using `export const prerender = false;` or by setting `output` to `"server"` in your Astro config to make all your pages server-rendered by default.
05:39:32 [WARN] `Astro.request.headers` was used when rendering the route `src/pages/blog/tag/[tag].astro'`. `Astro.request.headers` is not available on prerendered pages. If you need access to request headers, make sure that the page is server-rendered using `export const prerender = false;` or by setting `output` to `"server"` in your Astro config to make all your pages server-rendered by default.
 (+7ms) 
05:39:32   ├─ /blog/tag/malware/index.html05:39:32 [WARN] `Astro.request.headers` was used when rendering the route `src/pages/blog/tag/[tag].astro'`. `Astro.request.headers` is not available on prerendered pages. If you need access to request headers, make sure that the page is server-rendered using `export const prerender = false;` or by setting `output` to `"server"` in your Astro config to make all your pages server-rendered by default.
05:39:32 [WARN] `Astro.request.headers` was used when rendering the route `src/pages/blog/tag/[tag].astro'`. `Astro.request.headers` is not available on prerendered pages. If you need access to request headers, make sure that the page is server-rendered using `export const prerender = false;` or by setting `output` to `"server"` in your Astro config to make all your pages server-rendered by default.
05:39:32 [WARN] `Astro.request.headers` was used when rendering the route `src/pages/blog/tag/[tag].astro'`. `Astro.request.headers` is not available on prerendered pages. If you need access to request headers, make sure that the page is server-rendered using `export const prerender = false;` or by setting `output` to `"server"` in your Astro config to make all your pages server-rendered by default.
05:39:32 [WARN] `Astro.request.headers` was used when rendering the route `src/pages/blog/tag/[tag].astro'`. `Astro.request.headers` is not available on prerendered pages. If you need access to request headers, make sure that the page is server-rendered using `export const prerender = false;` or by setting `output` to `"server"` in your Astro config to make all your pages server-rendered by default.
 (+7ms) 
05:39:32   ├─ /blog/tag/extensions/index.html05:39:32 [WARN] `Astro.request.headers` was used when rendering the route `src/pages/blog/tag/[tag].astro'`. `Astro.request.headers` is not available on prerendered pages. If you need access to request headers, make sure that the page is server-rendered using `export const prerender = false;` or by setting `output` to `"server"` in your Astro config to make all your pages server-rendered by default.
05:39:32 [WARN] `Astro.request.headers` was used when rendering the route `src/pages/blog/tag/[tag].astro'`. `Astro.request.headers` is not available on prerendered pages. If you need access to request headers, make sure that the page is server-rendered using `export const prerender = false;` or by setting `output` to `"server"` in your Astro config to make all your pages server-rendered by default.
05:39:32 [WARN] `Astro.request.headers` was used when rendering the route `src/pages/blog/tag/[tag].astro'`. `Astro.request.headers` is not available on prerendered pages. If you need access to request headers, make sure that the page is server-rendered using `export const prerender = false;` or by setting `output` to `"server"` in your Astro config to make all your pages server-rendered by default.
05:39:32 [WARN] `Astro.request.headers` was used when rendering the route `src/pages/blog/tag/[tag].astro'`. `Astro.request.headers` is not available on prerendered pages. If you need access to request headers, make sure that the page is server-rendered using `export const prerender = false;` or by setting `output` to `"server"` in your Astro config to make all your pages server-rendered by default.
 (+6ms) 
05:39:32   ├─ /blog/tag/investissement/index.html05:39:32 [WARN] `Astro.request.headers` was used when rendering the route `src/pages/blog/tag/[tag].astro'`. `Astro.request.headers` is not available on prerendered pages. If you need access to request headers, make sure that the page is server-rendered using `export const prerender = false;` or by setting `output` to `"server"` in your Astro config to make all your pages server-rendered by default.
05:39:32 [WARN] `Astro.request.headers` was used when rendering the route `src/pages/blog/tag/[tag].astro'`. `Astro.request.headers` is not available on prerendered pages. If you need access to request headers, make sure that the page is server-rendered using `export const prerender = false;` or by setting `output` to `"server"` in your Astro config to make all your pages server-rendered by default.
05:39:32 [WARN] `Astro.request.headers` was used when rendering the route `src/pages/blog/tag/[tag].astro'`. `Astro.request.headers` is not available on prerendered pages. If you need access to request headers, make sure that the page is server-rendered using `export const prerender = false;` or by setting `output` to `"server"` in your Astro config to make all your pages server-rendered by default.
05:39:32 [WARN] `Astro.request.headers` was used when rendering the route `src/pages/blog/tag/[tag].astro'`. `Astro.request.headers` is not available on prerendered pages. If you need access to request headers, make sure that the page is server-rendered using `export const prerender = false;` or by setting `output` to `"server"` in your Astro config to make all your pages server-rendered by default.
 (+32ms) 
05:39:32   ├─ /blog/tag/trading/index.html05:39:32 [WARN] `Astro.request.headers` was used when rendering the route `src/pages/blog/tag/[tag].astro'`. `Astro.request.headers` is not available on prerendered pages. If you need access to request headers, make sure that the page is server-rendered using `export const prerender = false;` or by setting `output` to `"server"` in your Astro config to make all your pages server-rendered by default.
05:39:32 [WARN] `Astro.request.headers` was used when rendering the route `src/pages/blog/tag/[tag].astro'`. `Astro.request.headers` is not available on prerendered pages. If you need access to request headers, make sure that the page is server-rendered using `export const prerender = false;` or by setting `output` to `"server"` in your Astro config to make all your pages server-rendered by default.
05:39:32 [WARN] `Astro.request.headers` was used when rendering the route `src/pages/blog/tag/[tag].astro'`. `Astro.request.headers` is not available on prerendered pages. If you need access to request headers, make sure that the page is server-rendered using `export const prerender = false;` or by setting `output` to `"server"` in your Astro config to make all your pages server-rendered by default.
05:39:32 [WARN] `Astro.request.headers` was used when rendering the route `src/pages/blog/tag/[tag].astro'`. `Astro.request.headers` is not available on prerendered pages. If you need access to request headers, make sure that the page is server-rendered using `export const prerender = false;` or by setting `output` to `"server"` in your Astro config to make all your pages server-rendered by default.
 (+6ms) 
05:39:32   ├─ /blog/tag/intelligence-artificielle/index.html05:39:32 [WARN] `Astro.request.headers` was used when rendering the route `src/pages/blog/tag/[tag].astro'`. `Astro.request.headers` is not available on prerendered pages. If you need access to request headers, make sure that the page is server-rendered using `export const prerender = false;` or by setting `output` to `"server"` in your Astro config to make all your pages server-rendered by default.
05:39:32 [WARN] `Astro.request.headers` was used when rendering the route `src/pages/blog/tag/[tag].astro'`. `Astro.request.headers` is not available on prerendered pages. If you need access to request headers, make sure that the page is server-rendered using `export const prerender = false;` or by setting `output` to `"server"` in your Astro config to make all your pages server-rendered by default.
05:39:32 [WARN] `Astro.request.headers` was used when rendering the route `src/pages/blog/tag/[tag].astro'`. `Astro.request.headers` is not available on prerendered pages. If you need access to request headers, make sure that the page is server-rendered using `export const prerender = false;` or by setting `output` to `"server"` in your Astro config to make all your pages server-rendered by default.
05:39:32 [WARN] `Astro.request.headers` was used when rendering the route `src/pages/blog/tag/[tag].astro'`. `Astro.request.headers` is not available on prerendered pages. If you need access to request headers, make sure that the page is server-rendered using `export const prerender = false;` or by setting `output` to `"server"` in your Astro config to make all your pages server-rendered by default.
 (+5ms) 
05:39:32   ├─ /blog/tag/dev/index.html05:39:32 [WARN] `Astro.request.headers` was used when rendering the route `src/pages/blog/tag/[tag].astro'`. `Astro.request.headers` is not available on prerendered pages. If you need access to request headers, make sure that the page is server-rendered using `export const prerender = false;` or by setting `output` to `"server"` in your Astro config to make all your pages server-rendered by default.
05:39:32 [WARN] `Astro.request.headers` was used when rendering the route `src/pages/blog/tag/[tag].astro'`. `Astro.request.headers` is not available on prerendered pages. If you need access to request headers, make sure that the page is server-rendered using `export const prerender = false;` or by setting `output` to `"server"` in your Astro config to make all your pages server-rendered by default.
05:39:32 [WARN] `Astro.request.headers` was used when rendering the route `src/pages/blog/tag/[tag].astro'`. `Astro.request.headers` is not available on prerendered pages. If you need access to request headers, make sure that the page is server-rendered using `export const prerender = false;` or by setting `output` to `"server"` in your Astro config to make all your pages server-rendered by default.
05:39:32 [WARN] `Astro.request.headers` was used when rendering the route `src/pages/blog/tag/[tag].astro'`. `Astro.request.headers` is not available on prerendered pages. If you need access to request headers, make sure that the page is server-rendered using `export const prerender = false;` or by setting `output` to `"server"` in your Astro config to make all your pages server-rendered by default.
 (+5ms) 
05:39:32   ├─ /blog/tag/accessibilite/index.html05:39:32 [WARN] `Astro.request.headers` was used when rendering the route `src/pages/blog/tag/[tag].astro'`. `Astro.request.headers` is not available on prerendered pages. If you need access to request headers, make sure that the page is server-rendered using `export const prerender = false;` or by setting `output` to `"server"` in your Astro config to make all your pages server-rendered by default.
05:39:32 [WARN] `Astro.request.headers` was used when rendering the route `src/pages/blog/tag/[tag].astro'`. `Astro.request.headers` is not available on prerendered pages. If you need access to request headers, make sure that the page is server-rendered using `export const prerender = false;` or by setting `output` to `"server"` in your Astro config to make all your pages server-rendered by default.
05:39:32 [WARN] `Astro.request.headers` was used when rendering the route `src/pages/blog/tag/[tag].astro'`. `Astro.request.headers` is not available on prerendered pages. If you need access to request headers, make sure that the page is server-rendered using `export const prerender = false;` or by setting `output` to `"server"` in your Astro config to make all your pages server-rendered by default.
05:39:32 [WARN] `Astro.request.headers` was used when rendering the route `src/pages/blog/tag/[tag].astro'`. `Astro.request.headers` is not available on prerendered pages. If you need access to request headers, make sure that the page is server-rendered using `export const prerender = false;` or by setting `output` to `"server"` in your Astro config to make all your pages server-rendered by default.
 (+7ms) 
05:39:32   ├─ /blog/tag/inclusion/index.html05:39:32 [WARN] `Astro.request.headers` was used when rendering the route `src/pages/blog/tag/[tag].astro'`. `Astro.request.headers` is not available on prerendered pages. If you need access to request headers, make sure that the page is server-rendered using `export const prerender = false;` or by setting `output` to `"server"` in your Astro config to make all your pages server-rendered by default.
05:39:32 [WARN] `Astro.request.headers` was used when rendering the route `src/pages/blog/tag/[tag].astro'`. `Astro.request.headers` is not available on prerendered pages. If you need access to request headers, make sure that the page is server-rendered using `export const prerender = false;` or by setting `output` to `"server"` in your Astro config to make all your pages server-rendered by default.
05:39:32 [WARN] `Astro.request.headers` was used when rendering the route `src/pages/blog/tag/[tag].astro'`. `Astro.request.headers` is not available on prerendered pages. If you need access to request headers, make sure that the page is server-rendered using `export const prerender = false;` or by setting `output` to `"server"` in your Astro config to make all your pages server-rendered by default.
05:39:32 [WARN] `Astro.request.headers` was used when rendering the route `src/pages/blog/tag/[tag].astro'`. `Astro.request.headers` is not available on prerendered pages. If you need access to request headers, make sure that the page is server-rendered using `export const prerender = false;` or by setting `output` to `"server"` in your Astro config to make all your pages server-rendered by default.
 (+5ms) 
05:39:32   ├─ /blog/tag/seniors/index.html05:39:32 [WARN] `Astro.request.headers` was used when rendering the route `src/pages/blog/tag/[tag].astro'`. `Astro.request.headers` is not available on prerendered pages. If you need access to request headers, make sure that the page is server-rendered using `export const prerender = false;` or by setting `output` to `"server"` in your Astro config to make all your pages server-rendered by default.
05:39:32 [WARN] `Astro.request.headers` was used when rendering the route `src/pages/blog/tag/[tag].astro'`. `Astro.request.headers` is not available on prerendered pages. If you need access to request headers, make sure that the page is server-rendered using `export const prerender = false;` or by setting `output` to `"server"` in your Astro config to make all your pages server-rendered by default.
05:39:32 [WARN] `Astro.request.headers` was used when rendering the route `src/pages/blog/tag/[tag].astro'`. `Astro.request.headers` is not available on prerendered pages. If you need access to request headers, make sure that the page is server-rendered using `export const prerender = false;` or by setting `output` to `"server"` in your Astro config to make all your pages server-rendered by default.
05:39:32 [WARN] `Astro.request.headers` was used when rendering the route `src/pages/blog/tag/[tag].astro'`. `Astro.request.headers` is not available on prerendered pages. If you need access to request headers, make sure that the page is server-rendered using `export const prerender = false;` or by setting `output` to `"server"` in your Astro config to make all your pages server-rendered by default.
 (+5ms) 
05:39:32   ├─ /blog/tag/numerique/index.html05:39:32 [WARN] `Astro.request.headers` was used when rendering the route `src/pages/blog/tag/[tag].astro'`. `Astro.request.headers` is not available on prerendered pages. If you need access to request headers, make sure that the page is server-rendered using `export const prerender = false;` or by setting `output` to `"server"` in your Astro config to make all your pages server-rendered by default.
05:39:32 [WARN] `Astro.request.headers` was used when rendering the route `src/pages/blog/tag/[tag].astro'`. `Astro.request.headers` is not available on prerendered pages. If you need access to request headers, make sure that the page is server-rendered using `export const prerender = false;` or by setting `output` to `"server"` in your Astro config to make all your pages server-rendered by default.
05:39:32 [WARN] `Astro.request.headers` was used when rendering the route `src/pages/blog/tag/[tag].astro'`. `Astro.request.headers` is not available on prerendered pages. If you need access to request headers, make sure that the page is server-rendered using `export const prerender = false;` or by setting `output` to `"server"` in your Astro config to make all your pages server-rendered by default.
05:39:32 [WARN] `Astro.request.headers` was used when rendering the route `src/pages/blog/tag/[tag].astro'`. `Astro.request.headers` is not available on prerendered pages. If you need access to request headers, make sure that the page is server-rendered using `export const prerender = false;` or by setting `output` to `"server"` in your Astro config to make all your pages server-rendered by default.
 (+5ms) 
05:39:32   ├─ /blog/tag/open-source/index.html05:39:32 [WARN] `Astro.request.headers` was used when rendering the route `src/pages/blog/tag/[tag].astro'`. `Astro.request.headers` is not available on prerendered pages. If you need access to request headers, make sure that the page is server-rendered using `export const prerender = false;` or by setting `output` to `"server"` in your Astro config to make all your pages server-rendered by default.
05:39:32 [WARN] `Astro.request.headers` was used when rendering the route `src/pages/blog/tag/[tag].astro'`. `Astro.request.headers` is not available on prerendered pages. If you need access to request headers, make sure that the page is server-rendered using `export const prerender = false;` or by setting `output` to `"server"` in your Astro config to make all your pages server-rendered by default.
05:39:32 [WARN] `Astro.request.headers` was used when rendering the route `src/pages/blog/tag/[tag].astro'`. `Astro.request.headers` is not available on prerendered pages. If you need access to request headers, make sure that the page is server-rendered using `export const prerender = false;` or by setting `output` to `"server"` in your Astro config to make all your pages server-rendered by default.
05:39:32 [WARN] `Astro.request.headers` was used when rendering the route `src/pages/blog/tag/[tag].astro'`. `Astro.request.headers` is not available on prerendered pages. If you need access to request headers, make sure that the page is server-rendered using `export const prerender = false;` or by setting `output` to `"server"` in your Astro config to make all your pages server-rendered by default.
 (+6ms) 
05:39:32   ├─ /blog/tag/llm/index.html05:39:32 [WARN] `Astro.request.headers` was used when rendering the route `src/pages/blog/tag/[tag].astro'`. `Astro.request.headers` is not available on prerendered pages. If you need access to request headers, make sure that the page is server-rendered using `export const prerender = false;` or by setting `output` to `"server"` in your Astro config to make all your pages server-rendered by default.
05:39:32 [WARN] `Astro.request.headers` was used when rendering the route `src/pages/blog/tag/[tag].astro'`. `Astro.request.headers` is not available on prerendered pages. If you need access to request headers, make sure that the page is server-rendered using `export const prerender = false;` or by setting `output` to `"server"` in your Astro config to make all your pages server-rendered by default.
05:39:32 [WARN] `Astro.request.headers` was used when rendering the route `src/pages/blog/tag/[tag].astro'`. `Astro.request.headers` is not available on prerendered pages. If you need access to request headers, make sure that the page is server-rendered using `export const prerender = false;` or by setting `output` to `"server"` in your Astro config to make all your pages server-rendered by default.
05:39:32 [WARN] `Astro.request.headers` was used when rendering the route `src/pages/blog/tag/[tag].astro'`. `Astro.request.headers` is not available on prerendered pages. If you need access to request headers, make sure that the page is server-rendered using `export const prerender = false;` or by setting `output` to `"server"` in your Astro config to make all your pages server-rendered by default.
 (+5ms) 
05:39:32   ├─ /blog/tag/self-hosting/index.html05:39:32 [WARN] `Astro.request.headers` was used when rendering the route `src/pages/blog/tag/[tag].astro'`. `Astro.request.headers` is not available on prerendered pages. If you need access to request headers, make sure that the page is server-rendered using `export const prerender = false;` or by setting `output` to `"server"` in your Astro config to make all your pages server-rendered by default.
05:39:32 [WARN] `Astro.request.headers` was used when rendering the route `src/pages/blog/tag/[tag].astro'`. `Astro.request.headers` is not available on prerendered pages. If you need access to request headers, make sure that the page is server-rendered using `export const prerender = false;` or by setting `output` to `"server"` in your Astro config to make all your pages server-rendered by default.
05:39:32 [WARN] `Astro.request.headers` was used when rendering the route `src/pages/blog/tag/[tag].astro'`. `Astro.request.headers` is not available on prerendered pages. If you need access to request headers, make sure that the page is server-rendered using `export const prerender = false;` or by setting `output` to `"server"` in your Astro config to make all your pages server-rendered by default.
05:39:32 [WARN] `Astro.request.headers` was used when rendering the route `src/pages/blog/tag/[tag].astro'`. `Astro.request.headers` is not available on prerendered pages. If you need access to request headers, make sure that the page is server-rendered using `export const prerender = false;` or by setting `output` to `"server"` in your Astro config to make all your pages server-rendered by default.
 (+5ms) 
05:39:32   ├─ /blog/tag/souverainete/index.html05:39:32 [WARN] `Astro.request.headers` was used when rendering the route `src/pages/blog/tag/[tag].astro'`. `Astro.request.headers` is not available on prerendered pages. If you need access to request headers, make sure that the page is server-rendered using `export const prerender = false;` or by setting `output` to `"server"` in your Astro config to make all your pages server-rendered by default.
05:39:32 [WARN] `Astro.request.headers` was used when rendering the route `src/pages/blog/tag/[tag].astro'`. `Astro.request.headers` is not available on prerendered pages. If you need access to request headers, make sure that the page is server-rendered using `export const prerender = false;` or by setting `output` to `"server"` in your Astro config to make all your pages server-rendered by default.
05:39:32 [WARN] `Astro.request.headers` was used when rendering the route `src/pages/blog/tag/[tag].astro'`. `Astro.request.headers` is not available on prerendered pages. If you need access to request headers, make sure that the page is server-rendered using `export const prerender = false;` or by setting `output` to `"server"` in your Astro config to make all your pages server-rendered by default.
05:39:32 [WARN] `Astro.request.headers` was used when rendering the route `src/pages/blog/tag/[tag].astro'`. `Astro.request.headers` is not available on prerendered pages. If you need access to request headers, make sure that the page is server-rendered using `export const prerender = false;` or by setting `output` to `"server"` in your Astro config to make all your pages server-rendered by default.
 (+6ms) 
05:39:32   ├─ /blog/tag/ingenierie-sociale/index.html05:39:32 [WARN] `Astro.request.headers` was used when rendering the route `src/pages/blog/tag/[tag].astro'`. `Astro.request.headers` is not available on prerendered pages. If you need access to request headers, make sure that the page is server-rendered using `export const prerender = false;` or by setting `output` to `"server"` in your Astro config to make all your pages server-rendered by default.
05:39:32 [WARN] `Astro.request.headers` was used when rendering the route `src/pages/blog/tag/[tag].astro'`. `Astro.request.headers` is not available on prerendered pages. If you need access to request headers, make sure that the page is server-rendered using `export const prerender = false;` or by setting `output` to `"server"` in your Astro config to make all your pages server-rendered by default.
05:39:32 [WARN] `Astro.request.headers` was used when rendering the route `src/pages/blog/tag/[tag].astro'`. `Astro.request.headers` is not available on prerendered pages. If you need access to request headers, make sure that the page is server-rendered using `export const prerender = false;` or by setting `output` to `"server"` in your Astro config to make all your pages server-rendered by default.
05:39:32 [WARN] `Astro.request.headers` was used when rendering the route `src/pages/blog/tag/[tag].astro'`. `Astro.request.headers` is not available on prerendered pages. If you need access to request headers, make sure that the page is server-rendered using `export const prerender = false;` or by setting `output` to `"server"` in your Astro config to make all your pages server-rendered by default.
 (+6ms) 
05:39:32   ├─ /blog/tag/kit/index.html05:39:32 [WARN] `Astro.request.headers` was used when rendering the route `src/pages/blog/tag/[tag].astro'`. `Astro.request.headers` is not available on prerendered pages. If you need access to request headers, make sure that the page is server-rendered using `export const prerender = false;` or by setting `output` to `"server"` in your Astro config to make all your pages server-rendered by default.
05:39:32 [WARN] `Astro.request.headers` was used when rendering the route `src/pages/blog/tag/[tag].astro'`. `Astro.request.headers` is not available on prerendered pages. If you need access to request headers, make sure that the page is server-rendered using `export const prerender = false;` or by setting `output` to `"server"` in your Astro config to make all your pages server-rendered by default.
05:39:32 [WARN] `Astro.request.headers` was used when rendering the route `src/pages/blog/tag/[tag].astro'`. `Astro.request.headers` is not available on prerendered pages. If you need access to request headers, make sure that the page is server-rendered using `export const prerender = false;` or by setting `output` to `"server"` in your Astro config to make all your pages server-rendered by default.
05:39:32 [WARN] `Astro.request.headers` was used when rendering the route `src/pages/blog/tag/[tag].astro'`. `Astro.request.headers` is not available on prerendered pages. If you need access to request headers, make sure that the page is server-rendered using `export const prerender = false;` or by setting `output` to `"server"` in your Astro config to make all your pages server-rendered by default.
 (+6ms) 
05:39:32   ├─ /blog/tag/procedures/index.html05:39:32 [WARN] `Astro.request.headers` was used when rendering the route `src/pages/blog/tag/[tag].astro'`. `Astro.request.headers` is not available on prerendered pages. If you need access to request headers, make sure that the page is server-rendered using `export const prerender = false;` or by setting `output` to `"server"` in your Astro config to make all your pages server-rendered by default.
05:39:32 [WARN] `Astro.request.headers` was used when rendering the route `src/pages/blog/tag/[tag].astro'`. `Astro.request.headers` is not available on prerendered pages. If you need access to request headers, make sure that the page is server-rendered using `export const prerender = false;` or by setting `output` to `"server"` in your Astro config to make all your pages server-rendered by default.
05:39:32 [WARN] `Astro.request.headers` was used when rendering the route `src/pages/blog/tag/[tag].astro'`. `Astro.request.headers` is not available on prerendered pages. If you need access to request headers, make sure that the page is server-rendered using `export const prerender = false;` or by setting `output` to `"server"` in your Astro config to make all your pages server-rendered by default.
05:39:32 [WARN] `Astro.request.headers` was used when rendering the route `src/pages/blog/tag/[tag].astro'`. `Astro.request.headers` is not available on prerendered pages. If you need access to request headers, make sure that the page is server-rendered using `export const prerender = false;` or by setting `output` to `"server"` in your Astro config to make all your pages server-rendered by default.
 (+6ms) 
05:39:32   ├─ /blog/tag/legislation/index.html05:39:32 [WARN] `Astro.request.headers` was used when rendering the route `src/pages/blog/tag/[tag].astro'`. `Astro.request.headers` is not available on prerendered pages. If you need access to request headers, make sure that the page is server-rendered using `export const prerender = false;` or by setting `output` to `"server"` in your Astro config to make all your pages server-rendered by default.
05:39:32 [WARN] `Astro.request.headers` was used when rendering the route `src/pages/blog/tag/[tag].astro'`. `Astro.request.headers` is not available on prerendered pages. If you need access to request headers, make sure that the page is server-rendered using `export const prerender = false;` or by setting `output` to `"server"` in your Astro config to make all your pages server-rendered by default.
05:39:32 [WARN] `Astro.request.headers` was used when rendering the route `src/pages/blog/tag/[tag].astro'`. `Astro.request.headers` is not available on prerendered pages. If you need access to request headers, make sure that the page is server-rendered using `export const prerender = false;` or by setting `output` to `"server"` in your Astro config to make all your pages server-rendered by default.
05:39:32 [WARN] `Astro.request.headers` was used when rendering the route `src/pages/blog/tag/[tag].astro'`. `Astro.request.headers` is not available on prerendered pages. If you need access to request headers, make sure that the page is server-rendered using `export const prerender = false;` or by setting `output` to `"server"` in your Astro config to make all your pages server-rendered by default.
 (+6ms) 
05:39:32   ├─ /blog/tag/droit/index.html05:39:32 [WARN] `Astro.request.headers` was used when rendering the route `src/pages/blog/tag/[tag].astro'`. `Astro.request.headers` is not available on prerendered pages. If you need access to request headers, make sure that the page is server-rendered using `export const prerender = false;` or by setting `output` to `"server"` in your Astro config to make all your pages server-rendered by default.
05:39:32 [WARN] `Astro.request.headers` was used when rendering the route `src/pages/blog/tag/[tag].astro'`. `Astro.request.headers` is not available on prerendered pages. If you need access to request headers, make sure that the page is server-rendered using `export const prerender = false;` or by setting `output` to `"server"` in your Astro config to make all your pages server-rendered by default.
05:39:32 [WARN] `Astro.request.headers` was used when rendering the route `src/pages/blog/tag/[tag].astro'`. `Astro.request.headers` is not available on prerendered pages. If you need access to request headers, make sure that the page is server-rendered using `export const prerender = false;` or by setting `output` to `"server"` in your Astro config to make all your pages server-rendered by default.
05:39:32 [WARN] `Astro.request.headers` was used when rendering the route `src/pages/blog/tag/[tag].astro'`. `Astro.request.headers` is not available on prerendered pages. If you need access to request headers, make sure that the page is server-rendered using `export const prerender = false;` or by setting `output` to `"server"` in your Astro config to make all your pages server-rendered by default.
 (+5ms) 
05:39:32   ├─ /blog/tag/email/index.html05:39:32 [WARN] `Astro.request.headers` was used when rendering the route `src/pages/blog/tag/[tag].astro'`. `Astro.request.headers` is not available on prerendered pages. If you need access to request headers, make sure that the page is server-rendered using `export const prerender = false;` or by setting `output` to `"server"` in your Astro config to make all your pages server-rendered by default.
05:39:32 [WARN] `Astro.request.headers` was used when rendering the route `src/pages/blog/tag/[tag].astro'`. `Astro.request.headers` is not available on prerendered pages. If you need access to request headers, make sure that the page is server-rendered using `export const prerender = false;` or by setting `output` to `"server"` in your Astro config to make all your pages server-rendered by default.
05:39:32 [WARN] `Astro.request.headers` was used when rendering the route `src/pages/blog/tag/[tag].astro'`. `Astro.request.headers` is not available on prerendered pages. If you need access to request headers, make sure that the page is server-rendered using `export const prerender = false;` or by setting `output` to `"server"` in your Astro config to make all your pages server-rendered by default.
05:39:32 [WARN] `Astro.request.headers` was used when rendering the route `src/pages/blog/tag/[tag].astro'`. `Astro.request.headers` is not available on prerendered pages. If you need access to request headers, make sure that the page is server-rendered using `export const prerender = false;` or by setting `output` to `"server"` in your Astro config to make all your pages server-rendered by default.
 (+5ms) 
05:39:32   ├─ /blog/tag/prompt-engineering/index.html05:39:32 [WARN] `Astro.request.headers` was used when rendering the route `src/pages/blog/tag/[tag].astro'`. `Astro.request.headers` is not available on prerendered pages. If you need access to request headers, make sure that the page is server-rendered using `export const prerender = false;` or by setting `output` to `"server"` in your Astro config to make all your pages server-rendered by default.
05:39:32 [WARN] `Astro.request.headers` was used when rendering the route `src/pages/blog/tag/[tag].astro'`. `Astro.request.headers` is not available on prerendered pages. If you need access to request headers, make sure that the page is server-rendered using `export const prerender = false;` or by setting `output` to `"server"` in your Astro config to make all your pages server-rendered by default.
05:39:32 [WARN] `Astro.request.headers` was used when rendering the route `src/pages/blog/tag/[tag].astro'`. `Astro.request.headers` is not available on prerendered pages. If you need access to request headers, make sure that the page is server-rendered using `export const prerender = false;` or by setting `output` to `"server"` in your Astro config to make all your pages server-rendered by default.
05:39:32 [WARN] `Astro.request.headers` was used when rendering the route `src/pages/blog/tag/[tag].astro'`. `Astro.request.headers` is not available on prerendered pages. If you need access to request headers, make sure that the page is server-rendered using `export const prerender = false;` or by setting `output` to `"server"` in your Astro config to make all your pages server-rendered by default.
 (+7ms) 
05:39:32   ├─ /blog/tag/donnees-personnelles/index.html05:39:32 [WARN] `Astro.request.headers` was used when rendering the route `src/pages/blog/tag/[tag].astro'`. `Astro.request.headers` is not available on prerendered pages. If you need access to request headers, make sure that the page is server-rendered using `export const prerender = false;` or by setting `output` to `"server"` in your Astro config to make all your pages server-rendered by default.
05:39:32 [WARN] `Astro.request.headers` was used when rendering the route `src/pages/blog/tag/[tag].astro'`. `Astro.request.headers` is not available on prerendered pages. If you need access to request headers, make sure that the page is server-rendered using `export const prerender = false;` or by setting `output` to `"server"` in your Astro config to make all your pages server-rendered by default.
05:39:32 [WARN] `Astro.request.headers` was used when rendering the route `src/pages/blog/tag/[tag].astro'`. `Astro.request.headers` is not available on prerendered pages. If you need access to request headers, make sure that the page is server-rendered using `export const prerender = false;` or by setting `output` to `"server"` in your Astro config to make all your pages server-rendered by default.
05:39:32 [WARN] `Astro.request.headers` was used when rendering the route `src/pages/blog/tag/[tag].astro'`. `Astro.request.headers` is not available on prerendered pages. If you need access to request headers, make sure that the page is server-rendered using `export const prerender = false;` or by setting `output` to `"server"` in your Astro config to make all your pages server-rendered by default.
 (+6ms) 
05:39:32   ├─ /blog/tag/conformite/index.html05:39:32 [WARN] `Astro.request.headers` was used when rendering the route `src/pages/blog/tag/[tag].astro'`. `Astro.request.headers` is not available on prerendered pages. If you need access to request headers, make sure that the page is server-rendered using `export const prerender = false;` or by setting `output` to `"server"` in your Astro config to make all your pages server-rendered by default.
05:39:32 [WARN] `Astro.request.headers` was used when rendering the route `src/pages/blog/tag/[tag].astro'`. `Astro.request.headers` is not available on prerendered pages. If you need access to request headers, make sure that the page is server-rendered using `export const prerender = false;` or by setting `output` to `"server"` in your Astro config to make all your pages server-rendered by default.
05:39:32 [WARN] `Astro.request.headers` was used when rendering the route `src/pages/blog/tag/[tag].astro'`. `Astro.request.headers` is not available on prerendered pages. If you need access to request headers, make sure that the page is server-rendered using `export const prerender = false;` or by setting `output` to `"server"` in your Astro config to make all your pages server-rendered by default.
05:39:32 [WARN] `Astro.request.headers` was used when rendering the route `src/pages/blog/tag/[tag].astro'`. `Astro.request.headers` is not available on prerendered pages. If you need access to request headers, make sure that the page is server-rendered using `export const prerender = false;` or by setting `output` to `"server"` in your Astro config to make all your pages server-rendered by default.
 (+5ms) 
05:39:32   ├─ /blog/index.html05:39:32 [WARN] `Astro.request.headers` was used when rendering the route `src/pages/blog/index.astro'`. `Astro.request.headers` is not available on prerendered pages. If you need access to request headers, make sure that the page is server-rendered using `export const prerender = false;` or by setting `output` to `"server"` in your Astro config to make all your pages server-rendered by default.
05:39:32 [WARN] `Astro.request.headers` was used when rendering the route `src/pages/blog/index.astro'`. `Astro.request.headers` is not available on prerendered pages. If you need access to request headers, make sure that the page is server-rendered using `export const prerender = false;` or by setting `output` to `"server"` in your Astro config to make all your pages server-rendered by default.
05:39:32 [WARN] `Astro.request.headers` was used when rendering the route `src/pages/blog/index.astro'`. `Astro.request.headers` is not available on prerendered pages. If you need access to request headers, make sure that the page is server-rendered using `export const prerender = false;` or by setting `output` to `"server"` in your Astro config to make all your pages server-rendered by default.
05:39:32 [WARN] `Astro.request.headers` was used when rendering the route `src/pages/blog/index.astro'`. `Astro.request.headers` is not available on prerendered pages. If you need access to request headers, make sure that the page is server-rendered using `export const prerender = false;` or by setting `output` to `"server"` in your Astro config to make all your pages server-rendered by default.
 (+13ms) 
05:39:32   ├─ /blog/arnaque-au-president-ia/index.html05:39:32 [WARN] `Astro.request.headers` was used when rendering the route `src/pages/blog/[...slug].astro'`. `Astro.request.headers` is not available on prerendered pages. If you need access to request headers, make sure that the page is server-rendered using `export const prerender = false;` or by setting `output` to `"server"` in your Astro config to make all your pages server-rendered by default.
05:39:32 [WARN] `Astro.request.headers` was used when rendering the route `src/pages/blog/[...slug].astro'`. `Astro.request.headers` is not available on prerendered pages. If you need access to request headers, make sure that the page is server-rendered using `export const prerender = false;` or by setting `output` to `"server"` in your Astro config to make all your pages server-rendered by default.
05:39:32 [WARN] `Astro.request.headers` was used when rendering the route `src/pages/blog/[...slug].astro'`. `Astro.request.headers` is not available on prerendered pages. If you need access to request headers, make sure that the page is server-rendered using `export const prerender = false;` or by setting `output` to `"server"` in your Astro config to make all your pages server-rendered by default.
05:39:32 [WARN] `Astro.request.headers` was used when rendering the route `src/pages/blog/[...slug].astro'`. `Astro.request.headers` is not available on prerendered pages. If you need access to request headers, make sure that the page is server-rendered using `export const prerender = false;` or by setting `output` to `"server"` in your Astro config to make all your pages server-rendered by default.
 (+22ms) 
05:39:32   ├─ /blog/automatiser-taches-ia-associations/index.html05:39:32 [WARN] `Astro.request.headers` was used when rendering the route `src/pages/blog/[...slug].astro'`. `Astro.request.headers` is not available on prerendered pages. If you need access to request headers, make sure that the page is server-rendered using `export const prerender = false;` or by setting `output` to `"server"` in your Astro config to make all your pages server-rendered by default.
05:39:32 [WARN] `Astro.request.headers` was used when rendering the route `src/pages/blog/[...slug].astro'`. `Astro.request.headers` is not available on prerendered pages. If you need access to request headers, make sure that the page is server-rendered using `export const prerender = false;` or by setting `output` to `"server"` in your Astro config to make all your pages server-rendered by default.
05:39:32 [WARN] `Astro.request.headers` was used when rendering the route `src/pages/blog/[...slug].astro'`. `Astro.request.headers` is not available on prerendered pages. If you need access to request headers, make sure that the page is server-rendered using `export const prerender = false;` or by setting `output` to `"server"` in your Astro config to make all your pages server-rendered by default.
05:39:32 [WARN] `Astro.request.headers` was used when rendering the route `src/pages/blog/[...slug].astro'`. `Astro.request.headers` is not available on prerendered pages. If you need access to request headers, make sure that the page is server-rendered using `export const prerender = false;` or by setting `output` to `"server"` in your Astro config to make all your pages server-rendered by default.
 (+13ms) 
05:39:32   ├─ /blog/chatbots-ia-choisir-assistant-association/index.html05:39:32 [WARN] `Astro.request.headers` was used when rendering the route `src/pages/blog/[...slug].astro'`. `Astro.request.headers` is not available on prerendered pages. If you need access to request headers, make sure that the page is server-rendered using `export const prerender = false;` or by setting `output` to `"server"` in your Astro config to make all your pages server-rendered by default.
05:39:32 [WARN] `Astro.request.headers` was used when rendering the route `src/pages/blog/[...slug].astro'`. `Astro.request.headers` is not available on prerendered pages. If you need access to request headers, make sure that the page is server-rendered using `export const prerender = false;` or by setting `output` to `"server"` in your Astro config to make all your pages server-rendered by default.
05:39:32 [WARN] `Astro.request.headers` was used when rendering the route `src/pages/blog/[...slug].astro'`. `Astro.request.headers` is not available on prerendered pages. If you need access to request headers, make sure that the page is server-rendered using `export const prerender = false;` or by setting `output` to `"server"` in your Astro config to make all your pages server-rendered by default.
05:39:32 [WARN] `Astro.request.headers` was used when rendering the route `src/pages/blog/[...slug].astro'`. `Astro.request.headers` is not available on prerendered pages. If you need access to request headers, make sure that the page is server-rendered using `export const prerender = false;` or by setting `output` to `"server"` in your Astro config to make all your pages server-rendered by default.
 (+13ms) 
05:39:32   ├─ /blog/cybersecurite-associations-2026/index.html05:39:32 [WARN] `Astro.request.headers` was used when rendering the route `src/pages/blog/[...slug].astro'`. `Astro.request.headers` is not available on prerendered pages. If you need access to request headers, make sure that the page is server-rendered using `export const prerender = false;` or by setting `output` to `"server"` in your Astro config to make all your pages server-rendered by default.
05:39:32 [WARN] `Astro.request.headers` was used when rendering the route `src/pages/blog/[...slug].astro'`. `Astro.request.headers` is not available on prerendered pages. If you need access to request headers, make sure that the page is server-rendered using `export const prerender = false;` or by setting `output` to `"server"` in your Astro config to make all your pages server-rendered by default.
05:39:32 [WARN] `Astro.request.headers` was used when rendering the route `src/pages/blog/[...slug].astro'`. `Astro.request.headers` is not available on prerendered pages. If you need access to request headers, make sure that the page is server-rendered using `export const prerender = false;` or by setting `output` to `"server"` in your Astro config to make all your pages server-rendered by default.
05:39:32 [WARN] `Astro.request.headers` was used when rendering the route `src/pages/blog/[...slug].astro'`. `Astro.request.headers` is not available on prerendered pages. If you need access to request headers, make sure that the page is server-rendered using `export const prerender = false;` or by setting `output` to `"server"` in your Astro config to make all your pages server-rendered by default.
 (+14ms) 
05:39:32   ├─ /blog/deepfakes-ia-clone-vos-proches/index.html05:39:32 [WARN] `Astro.request.headers` was used when rendering the route `src/pages/blog/[...slug].astro'`. `Astro.request.headers` is not available on prerendered pages. If you need access to request headers, make sure that the page is server-rendered using `export const prerender = false;` or by setting `output` to `"server"` in your Astro config to make all your pages server-rendered by default.
05:39:32 [WARN] `Astro.request.headers` was used when rendering the route `src/pages/blog/[...slug].astro'`. `Astro.request.headers` is not available on prerendered pages. If you need access to request headers, make sure that the page is server-rendered using `export const prerender = false;` or by setting `output` to `"server"` in your Astro config to make all your pages server-rendered by default.
05:39:32 [WARN] `Astro.request.headers` was used when rendering the route `src/pages/blog/[...slug].astro'`. `Astro.request.headers` is not available on prerendered pages. If you need access to request headers, make sure that the page is server-rendered using `export const prerender = false;` or by setting `output` to `"server"` in your Astro config to make all your pages server-rendered by default.
05:39:32 [WARN] `Astro.request.headers` was used when rendering the route `src/pages/blog/[...slug].astro'`. `Astro.request.headers` is not available on prerendered pages. If you need access to request headers, make sure that the page is server-rendered using `export const prerender = false;` or by setting `output` to `"server"` in your Astro config to make all your pages server-rendered by default.
 (+13ms) 
05:39:32   ├─ /blog/deepfakes-reseaux-sociaux-detecter-signaler/index.html05:39:32 [WARN] `Astro.request.headers` was used when rendering the route `src/pages/blog/[...slug].astro'`. `Astro.request.headers` is not available on prerendered pages. If you need access to request headers, make sure that the page is server-rendered using `export const prerender = false;` or by setting `output` to `"server"` in your Astro config to make all your pages server-rendered by default.
05:39:32 [WARN] `Astro.request.headers` was used when rendering the route `src/pages/blog/[...slug].astro'`. `Astro.request.headers` is not available on prerendered pages. If you need access to request headers, make sure that the page is server-rendered using `export const prerender = false;` or by setting `output` to `"server"` in your Astro config to make all your pages server-rendered by default.
05:39:32 [WARN] `Astro.request.headers` was used when rendering the route `src/pages/blog/[...slug].astro'`. `Astro.request.headers` is not available on prerendered pages. If you need access to request headers, make sure that the page is server-rendered using `export const prerender = false;` or by setting `output` to `"server"` in your Astro config to make all your pages server-rendered by default.
05:39:32 [WARN] `Astro.request.headers` was used when rendering the route `src/pages/blog/[...slug].astro'`. `Astro.request.headers` is not available on prerendered pages. If you need access to request headers, make sure that the page is server-rendered using `export const prerender = false;` or by setting `output` to `"server"` in your Astro config to make all your pages server-rendered by default.
 (+12ms) 
05:39:32   ├─ /blog/detecter-arnaque-ia/index.html05:39:32 [WARN] `Astro.request.headers` was used when rendering the route `src/pages/blog/[...slug].astro'`. `Astro.request.headers` is not available on prerendered pages. If you need access to request headers, make sure that the page is server-rendered using `export const prerender = false;` or by setting `output` to `"server"` in your Astro config to make all your pages server-rendered by default.
05:39:32 [WARN] `Astro.request.headers` was used when rendering the route `src/pages/blog/[...slug].astro'`. `Astro.request.headers` is not available on prerendered pages. If you need access to request headers, make sure that the page is server-rendered using `export const prerender = false;` or by setting `output` to `"server"` in your Astro config to make all your pages server-rendered by default.
05:39:32 [WARN] `Astro.request.headers` was used when rendering the route `src/pages/blog/[...slug].astro'`. `Astro.request.headers` is not available on prerendered pages. If you need access to request headers, make sure that the page is server-rendered using `export const prerender = false;` or by setting `output` to `"server"` in your Astro config to make all your pages server-rendered by default.
05:39:32 [WARN] `Astro.request.headers` was used when rendering the route `src/pages/blog/[...slug].astro'`. `Astro.request.headers` is not available on prerendered pages. If you need access to request headers, make sure that the page is server-rendered using `export const prerender = false;` or by setting `output` to `"server"` in your Astro config to make all your pages server-rendered by default.
 (+12ms) 
05:39:32   ├─ /blog/faux-assistants-ia-malwares/index.html05:39:32 [WARN] `Astro.request.headers` was used when rendering the route `src/pages/blog/[...slug].astro'`. `Astro.request.headers` is not available on prerendered pages. If you need access to request headers, make sure that the page is server-rendered using `export const prerender = false;` or by setting `output` to `"server"` in your Astro config to make all your pages server-rendered by default.
05:39:32 [WARN] `Astro.request.headers` was used when rendering the route `src/pages/blog/[...slug].astro'`. `Astro.request.headers` is not available on prerendered pages. If you need access to request headers, make sure that the page is server-rendered using `export const prerender = false;` or by setting `output` to `"server"` in your Astro config to make all your pages server-rendered by default.
05:39:32 [WARN] `Astro.request.headers` was used when rendering the route `src/pages/blog/[...slug].astro'`. `Astro.request.headers` is not available on prerendered pages. If you need access to request headers, make sure that the page is server-rendered using `export const prerender = false;` or by setting `output` to `"server"` in your Astro config to make all your pages server-rendered by default.
05:39:32 [WARN] `Astro.request.headers` was used when rendering the route `src/pages/blog/[...slug].astro'`. `Astro.request.headers` is not available on prerendered pages. If you need access to request headers, make sure that the page is server-rendered using `export const prerender = false;` or by setting `output` to `"server"` in your Astro config to make all your pages server-rendered by default.
 (+14ms) 
05:39:32   ├─ /blog/faux-investissements-ia-trading/index.html05:39:32 [WARN] `Astro.request.headers` was used when rendering the route `src/pages/blog/[...slug].astro'`. `Astro.request.headers` is not available on prerendered pages. If you need access to request headers, make sure that the page is server-rendered using `export const prerender = false;` or by setting `output` to `"server"` in your Astro config to make all your pages server-rendered by default.
05:39:32 [WARN] `Astro.request.headers` was used when rendering the route `src/pages/blog/[...slug].astro'`. `Astro.request.headers` is not available on prerendered pages. If you need access to request headers, make sure that the page is server-rendered using `export const prerender = false;` or by setting `output` to `"server"` in your Astro config to make all your pages server-rendered by default.
05:39:32 [WARN] `Astro.request.headers` was used when rendering the route `src/pages/blog/[...slug].astro'`. `Astro.request.headers` is not available on prerendered pages. If you need access to request headers, make sure that the page is server-rendered using `export const prerender = false;` or by setting `output` to `"server"` in your Astro config to make all your pages server-rendered by default.
05:39:32 [WARN] `Astro.request.headers` was used when rendering the route `src/pages/blog/[...slug].astro'`. `Astro.request.headers` is not available on prerendered pages. If you need access to request headers, make sure that the page is server-rendered using `export const prerender = false;` or by setting `output` to `"server"` in your Astro config to make all your pages server-rendered by default.
 (+12ms) 
05:39:32   ├─ /blog/ia/index.html05:39:32 [WARN] `Astro.request.headers` was used when rendering the route `src/pages/blog/[...slug].astro'`. `Astro.request.headers` is not available on prerendered pages. If you need access to request headers, make sure that the page is server-rendered using `export const prerender = false;` or by setting `output` to `"server"` in your Astro config to make all your pages server-rendered by default.
05:39:32 [WARN] `Astro.request.headers` was used when rendering the route `src/pages/blog/[...slug].astro'`. `Astro.request.headers` is not available on prerendered pages. If you need access to request headers, make sure that the page is server-rendered using `export const prerender = false;` or by setting `output` to `"server"` in your Astro config to make all your pages server-rendered by default.
05:39:32 [WARN] `Astro.request.headers` was used when rendering the route `src/pages/blog/[...slug].astro'`. `Astro.request.headers` is not available on prerendered pages. If you need access to request headers, make sure that the page is server-rendered using `export const prerender = false;` or by setting `output` to `"server"` in your Astro config to make all your pages server-rendered by default.
05:39:32 [WARN] `Astro.request.headers` was used when rendering the route `src/pages/blog/[...slug].astro'`. `Astro.request.headers` is not available on prerendered pages. If you need access to request headers, make sure that the page is server-rendered using `export const prerender = false;` or by setting `output` to `"server"` in your Astro config to make all your pages server-rendered by default.
 (+12ms) 
05:39:32   ├─ /blog/ia-accessibilite-numerique/index.html05:39:32 [WARN] `Astro.request.headers` was used when rendering the route `src/pages/blog/[...slug].astro'`. `Astro.request.headers` is not available on prerendered pages. If you need access to request headers, make sure that the page is server-rendered using `export const prerender = false;` or by setting `output` to `"server"` in your Astro config to make all your pages server-rendered by default.
05:39:32 [WARN] `Astro.request.headers` was used when rendering the route `src/pages/blog/[...slug].astro'`. `Astro.request.headers` is not available on prerendered pages. If you need access to request headers, make sure that the page is server-rendered using `export const prerender = false;` or by setting `output` to `"server"` in your Astro config to make all your pages server-rendered by default.
05:39:32 [WARN] `Astro.request.headers` was used when rendering the route `src/pages/blog/[...slug].astro'`. `Astro.request.headers` is not available on prerendered pages. If you need access to request headers, make sure that the page is server-rendered using `export const prerender = false;` or by setting `output` to `"server"` in your Astro config to make all your pages server-rendered by default.
05:39:32 [WARN] `Astro.request.headers` was used when rendering the route `src/pages/blog/[...slug].astro'`. `Astro.request.headers` is not available on prerendered pages. If you need access to request headers, make sure that the page is server-rendered using `export const prerender = false;` or by setting `output` to `"server"` in your Astro config to make all your pages server-rendered by default.
 (+12ms) 
05:39:32   ├─ /blog/ia-open-source-association-biscuits/index.html05:39:32 [WARN] `Astro.request.headers` was used when rendering the route `src/pages/blog/[...slug].astro'`. `Astro.request.headers` is not available on prerendered pages. If you need access to request headers, make sure that the page is server-rendered using `export const prerender = false;` or by setting `output` to `"server"` in your Astro config to make all your pages server-rendered by default.
05:39:32 [WARN] `Astro.request.headers` was used when rendering the route `src/pages/blog/[...slug].astro'`. `Astro.request.headers` is not available on prerendered pages. If you need access to request headers, make sure that the page is server-rendered using `export const prerender = false;` or by setting `output` to `"server"` in your Astro config to make all your pages server-rendered by default.
05:39:32 [WARN] `Astro.request.headers` was used when rendering the route `src/pages/blog/[...slug].astro'`. `Astro.request.headers` is not available on prerendered pages. If you need access to request headers, make sure that the page is server-rendered using `export const prerender = false;` or by setting `output` to `"server"` in your Astro config to make all your pages server-rendered by default.
05:39:32 [WARN] `Astro.request.headers` was used when rendering the route `src/pages/blog/[...slug].astro'`. `Astro.request.headers` is not available on prerendered pages. If you need access to request headers, make sure that the page is server-rendered using `export const prerender = false;` or by setting `output` to `"server"` in your Astro config to make all your pages server-rendered by default.
 (+15ms) 
05:39:32   ├─ /blog/ingenierie-sociale-ia-techniques/index.html05:39:32 [WARN] `Astro.request.headers` was used when rendering the route `src/pages/blog/[...slug].astro'`. `Astro.request.headers` is not available on prerendered pages. If you need access to request headers, make sure that the page is server-rendered using `export const prerender = false;` or by setting `output` to `"server"` in your Astro config to make all your pages server-rendered by default.
05:39:32 [WARN] `Astro.request.headers` was used when rendering the route `src/pages/blog/[...slug].astro'`. `Astro.request.headers` is not available on prerendered pages. If you need access to request headers, make sure that the page is server-rendered using `export const prerender = false;` or by setting `output` to `"server"` in your Astro config to make all your pages server-rendered by default.
05:39:32 [WARN] `Astro.request.headers` was used when rendering the route `src/pages/blog/[...slug].astro'`. `Astro.request.headers` is not available on prerendered pages. If you need access to request headers, make sure that the page is server-rendered using `export const prerender = false;` or by setting `output` to `"server"` in your Astro config to make all your pages server-rendered by default.
05:39:32 [WARN] `Astro.request.headers` was used when rendering the route `src/pages/blog/[...slug].astro'`. `Astro.request.headers` is not available on prerendered pages. If you need access to request headers, make sure that the page is server-rendered using `export const prerender = false;` or by setting `output` to `"server"` in your Astro config to make all your pages server-rendered by default.
 (+13ms) 
05:39:32   ├─ /blog/kit-protection-association-arnaque-ia/index.html05:39:32 [WARN] `Astro.request.headers` was used when rendering the route `src/pages/blog/[...slug].astro'`. `Astro.request.headers` is not available on prerendered pages. If you need access to request headers, make sure that the page is server-rendered using `export const prerender = false;` or by setting `output` to `"server"` in your Astro config to make all your pages server-rendered by default.
05:39:32 [WARN] `Astro.request.headers` was used when rendering the route `src/pages/blog/[...slug].astro'`. `Astro.request.headers` is not available on prerendered pages. If you need access to request headers, make sure that the page is server-rendered using `export const prerender = false;` or by setting `output` to `"server"` in your Astro config to make all your pages server-rendered by default.
05:39:32 [WARN] `Astro.request.headers` was used when rendering the route `src/pages/blog/[...slug].astro'`. `Astro.request.headers` is not available on prerendered pages. If you need access to request headers, make sure that the page is server-rendered using `export const prerender = false;` or by setting `output` to `"server"` in your Astro config to make all your pages server-rendered by default.
05:39:32 [WARN] `Astro.request.headers` was used when rendering the route `src/pages/blog/[...slug].astro'`. `Astro.request.headers` is not available on prerendered pages. If you need access to request headers, make sure that the page is server-rendered using `export const prerender = false;` or by setting `output` to `"server"` in your Astro config to make all your pages server-rendered by default.
 (+13ms) 
05:39:32   ├─ /blog/legislation-arnaques-ia-2026/index.html05:39:32 [WARN] `Astro.request.headers` was used when rendering the route `src/pages/blog/[...slug].astro'`. `Astro.request.headers` is not available on prerendered pages. If you need access to request headers, make sure that the page is server-rendered using `export const prerender = false;` or by setting `output` to `"server"` in your Astro config to make all your pages server-rendered by default.
05:39:32 [WARN] `Astro.request.headers` was used when rendering the route `src/pages/blog/[...slug].astro'`. `Astro.request.headers` is not available on prerendered pages. If you need access to request headers, make sure that the page is server-rendered using `export const prerender = false;` or by setting `output` to `"server"` in your Astro config to make all your pages server-rendered by default.
05:39:32 [WARN] `Astro.request.headers` was used when rendering the route `src/pages/blog/[...slug].astro'`. `Astro.request.headers` is not available on prerendered pages. If you need access to request headers, make sure that the page is server-rendered using `export const prerender = false;` or by setting `output` to `"server"` in your Astro config to make all your pages server-rendered by default.
05:39:32 [WARN] `Astro.request.headers` was used when rendering the route `src/pages/blog/[...slug].astro'`. `Astro.request.headers` is not available on prerendered pages. If you need access to request headers, make sure that the page is server-rendered using `export const prerender = false;` or by setting `output` to `"server"` in your Astro config to make all your pages server-rendered by default.
 (+12ms) 
05:39:32   ├─ /blog/phishing-nouvelle-generation-ia/index.html05:39:32 [WARN] `Astro.request.headers` was used when rendering the route `src/pages/blog/[...slug].astro'`. `Astro.request.headers` is not available on prerendered pages. If you need access to request headers, make sure that the page is server-rendered using `export const prerender = false;` or by setting `output` to `"server"` in your Astro config to make all your pages server-rendered by default.
05:39:32 [WARN] `Astro.request.headers` was used when rendering the route `src/pages/blog/[...slug].astro'`. `Astro.request.headers` is not available on prerendered pages. If you need access to request headers, make sure that the page is server-rendered using `export const prerender = false;` or by setting `output` to `"server"` in your Astro config to make all your pages server-rendered by default.
05:39:32 [WARN] `Astro.request.headers` was used when rendering the route `src/pages/blog/[...slug].astro'`. `Astro.request.headers` is not available on prerendered pages. If you need access to request headers, make sure that the page is server-rendered using `export const prerender = false;` or by setting `output` to `"server"` in your Astro config to make all your pages server-rendered by default.
05:39:32 [WARN] `Astro.request.headers` was used when rendering the route `src/pages/blog/[...slug].astro'`. `Astro.request.headers` is not available on prerendered pages. If you need access to request headers, make sure that the page is server-rendered using `export const prerender = false;` or by setting `output` to `"server"` in your Astro config to make all your pages server-rendered by default.
 (+12ms) 
05:39:32   ├─ /blog/prompt-engineering/index.html05:39:32 [WARN] `Astro.request.headers` was used when rendering the route `src/pages/blog/[...slug].astro'`. `Astro.request.headers` is not available on prerendered pages. If you need access to request headers, make sure that the page is server-rendered using `export const prerender = false;` or by setting `output` to `"server"` in your Astro config to make all your pages server-rendered by default.
05:39:32 [WARN] `Astro.request.headers` was used when rendering the route `src/pages/blog/[...slug].astro'`. `Astro.request.headers` is not available on prerendered pages. If you need access to request headers, make sure that the page is server-rendered using `export const prerender = false;` or by setting `output` to `"server"` in your Astro config to make all your pages server-rendered by default.
05:39:32 [WARN] `Astro.request.headers` was used when rendering the route `src/pages/blog/[...slug].astro'`. `Astro.request.headers` is not available on prerendered pages. If you need access to request headers, make sure that the page is server-rendered using `export const prerender = false;` or by setting `output` to `"server"` in your Astro config to make all your pages server-rendered by default.
05:39:32 [WARN] `Astro.request.headers` was used when rendering the route `src/pages/blog/[...slug].astro'`. `Astro.request.headers` is not available on prerendered pages. If you need access to request headers, make sure that the page is server-rendered using `export const prerender = false;` or by setting `output` to `"server"` in your Astro config to make all your pages server-rendered by default.
 (+11ms) 
05:39:32   ├─ /blog/rgpd-petites-structures/index.html05:39:32 [WARN] `Astro.request.headers` was used when rendering the route `src/pages/blog/[...slug].astro'`. `Astro.request.headers` is not available on prerendered pages. If you need access to request headers, make sure that the page is server-rendered using `export const prerender = false;` or by setting `output` to `"server"` in your Astro config to make all your pages server-rendered by default.
05:39:32 [WARN] `Astro.request.headers` was used when rendering the route `src/pages/blog/[...slug].astro'`. `Astro.request.headers` is not available on prerendered pages. If you need access to request headers, make sure that the page is server-rendered using `export const prerender = false;` or by setting `output` to `"server"` in your Astro config to make all your pages server-rendered by default.
05:39:32 [WARN] `Astro.request.headers` was used when rendering the route `src/pages/blog/[...slug].astro'`. `Astro.request.headers` is not available on prerendered pages. If you need access to request headers, make sure that the page is server-rendered using `export const prerender = false;` or by setting `output` to `"server"` in your Astro config to make all your pages server-rendered by default.
05:39:32 [WARN] `Astro.request.headers` was used when rendering the route `src/pages/blog/[...slug].astro'`. `Astro.request.headers` is not available on prerendered pages. If you need access to request headers, make sure that the page is server-rendered using `export const prerender = false;` or by setting `output` to `"server"` in your Astro config to make all your pages server-rendered by default.
 (+20ms) 
05:39:32   ├─ /combats/index.html05:39:32 [WARN] `Astro.request.headers` was used when rendering the route `src/pages/combats/index.astro'`. `Astro.request.headers` is not available on prerendered pages. If you need access to request headers, make sure that the page is server-rendered using `export const prerender = false;` or by setting `output` to `"server"` in your Astro config to make all your pages server-rendered by default.
05:39:32 [WARN] `Astro.request.headers` was used when rendering the route `src/pages/combats/index.astro'`. `Astro.request.headers` is not available on prerendered pages. If you need access to request headers, make sure that the page is server-rendered using `export const prerender = false;` or by setting `output` to `"server"` in your Astro config to make all your pages server-rendered by default.
05:39:32 [WARN] `Astro.request.headers` was used when rendering the route `src/pages/combats/index.astro'`. `Astro.request.headers` is not available on prerendered pages. If you need access to request headers, make sure that the page is server-rendered using `export const prerender = false;` or by setting `output` to `"server"` in your Astro config to make all your pages server-rendered by default.
05:39:32 [WARN] `Astro.request.headers` was used when rendering the route `src/pages/combats/index.astro'`. `Astro.request.headers` is not available on prerendered pages. If you need access to request headers, make sure that the page is server-rendered using `export const prerender = false;` or by setting `output` to `"server"` in your Astro config to make all your pages server-rendered by default.
 (+7ms) 
05:39:32   ├─ /contact/index.html05:39:32 [WARN] `Astro.request.headers` was used when rendering the route `src/pages/contact.astro'`. `Astro.request.headers` is not available on prerendered pages. If you need access to request headers, make sure that the page is server-rendered using `export const prerender = false;` or by setting `output` to `"server"` in your Astro config to make all your pages server-rendered by default.
05:39:32 [WARN] `Astro.request.headers` was used when rendering the route `src/pages/contact.astro'`. `Astro.request.headers` is not available on prerendered pages. If you need access to request headers, make sure that the page is server-rendered using `export const prerender = false;` or by setting `output` to `"server"` in your Astro config to make all your pages server-rendered by default.
05:39:32 [WARN] `Astro.request.headers` was used when rendering the route `src/pages/contact.astro'`. `Astro.request.headers` is not available on prerendered pages. If you need access to request headers, make sure that the page is server-rendered using `export const prerender = false;` or by setting `output` to `"server"` in your Astro config to make all your pages server-rendered by default.
05:39:32 [WARN] `Astro.request.headers` was used when rendering the route `src/pages/contact.astro'`. `Astro.request.headers` is not available on prerendered pages. If you need access to request headers, make sure that the page is server-rendered using `export const prerender = false;` or by setting `output` to `"server"` in your Astro config to make all your pages server-rendered by default.
 (+10ms) 
05:39:32   ├─ /faq/index.html05:39:32 [WARN] `Astro.request.headers` was used when rendering the route `src/pages/faq.astro'`. `Astro.request.headers` is not available on prerendered pages. If you need access to request headers, make sure that the page is server-rendered using `export const prerender = false;` or by setting `output` to `"server"` in your Astro config to make all your pages server-rendered by default.
05:39:32 [WARN] `Astro.request.headers` was used when rendering the route `src/pages/faq.astro'`. `Astro.request.headers` is not available on prerendered pages. If you need access to request headers, make sure that the page is server-rendered using `export const prerender = false;` or by setting `output` to `"server"` in your Astro config to make all your pages server-rendered by default.
05:39:32 [WARN] `Astro.request.headers` was used when rendering the route `src/pages/faq.astro'`. `Astro.request.headers` is not available on prerendered pages. If you need access to request headers, make sure that the page is server-rendered using `export const prerender = false;` or by setting `output` to `"server"` in your Astro config to make all your pages server-rendered by default.
05:39:32 [WARN] `Astro.request.headers` was used when rendering the route `src/pages/faq.astro'`. `Astro.request.headers` is not available on prerendered pages. If you need access to request headers, make sure that the page is server-rendered using `export const prerender = false;` or by setting `output` to `"server"` in your Astro config to make all your pages server-rendered by default.
 (+9ms) 
05:39:32   ├─ /ressources/index.html05:39:32 [WARN] `Astro.request.headers` was used when rendering the route `src/pages/ressources.astro'`. `Astro.request.headers` is not available on prerendered pages. If you need access to request headers, make sure that the page is server-rendered using `export const prerender = false;` or by setting `output` to `"server"` in your Astro config to make all your pages server-rendered by default.
05:39:32 [WARN] `Astro.request.headers` was used when rendering the route `src/pages/ressources.astro'`. `Astro.request.headers` is not available on prerendered pages. If you need access to request headers, make sure that the page is server-rendered using `export const prerender = false;` or by setting `output` to `"server"` in your Astro config to make all your pages server-rendered by default.
05:39:32 [WARN] `Astro.request.headers` was used when rendering the route `src/pages/ressources.astro'`. `Astro.request.headers` is not available on prerendered pages. If you need access to request headers, make sure that the page is server-rendered using `export const prerender = false;` or by setting `output` to `"server"` in your Astro config to make all your pages server-rendered by default.
05:39:32 [WARN] `Astro.request.headers` was used when rendering the route `src/pages/ressources.astro'`. `Astro.request.headers` is not available on prerendered pages. If you need access to request headers, make sure that the page is server-rendered using `export const prerender = false;` or by setting `output` to `"server"` in your Astro config to make all your pages server-rendered by default.
 (+8ms) 
05:39:32   ├─ /rss.xml (+321ms) 
05:39:32   ├─ /trombinoscope/index.html05:39:32 [WARN] `Astro.request.headers` was used when rendering the route `src/pages/trombinoscope.astro'`. `Astro.request.headers` is not available on prerendered pages. If you need access to request headers, make sure that the page is server-rendered using `export const prerender = false;` or by setting `output` to `"server"` in your Astro config to make all your pages server-rendered by default.
05:39:32 [WARN] `Astro.request.headers` was used when rendering the route `src/pages/trombinoscope.astro'`. `Astro.request.headers` is not available on prerendered pages. If you need access to request headers, make sure that the page is server-rendered using `export const prerender = false;` or by setting `output` to `"server"` in your Astro config to make all your pages server-rendered by default.
05:39:32 [WARN] `Astro.request.headers` was used when rendering the route `src/pages/trombinoscope.astro'`. `Astro.request.headers` is not available on prerendered pages. If you need access to request headers, make sure that the page is server-rendered using `export const prerender = false;` or by setting `output` to `"server"` in your Astro config to make all your pages server-rendered by default.
05:39:32 [WARN] `Astro.request.headers` was used when rendering the route `src/pages/trombinoscope.astro'`. `Astro.request.headers` is not available on prerendered pages. If you need access to request headers, make sure that the page is server-rendered using `export const prerender = false;` or by setting `output` to `"server"` in your Astro config to make all your pages server-rendered by default.
 (+7.04s) 
05:39:39   ├─ /index.html05:39:39 [WARN] `Astro.request.headers` was used when rendering the route `src/pages/index.astro'`. `Astro.request.headers` is not available on prerendered pages. If you need access to request headers, make sure that the page is server-rendered using `export const prerender = false;` or by setting `output` to `"server"` in your Astro config to make all your pages server-rendered by default.
05:39:39 [WARN] `Astro.request.headers` was used when rendering the route `src/pages/index.astro'`. `Astro.request.headers` is not available on prerendered pages. If you need access to request headers, make sure that the page is server-rendered using `export const prerender = false;` or by setting `output` to `"server"` in your Astro config to make all your pages server-rendered by default.
05:39:39 [WARN] `Astro.request.headers` was used when rendering the route `src/pages/index.astro'`. `Astro.request.headers` is not available on prerendered pages. If you need access to request headers, make sure that the page is server-rendered using `export const prerender = false;` or by setting `output` to `"server"` in your Astro config to make all your pages server-rendered by default.
05:39:39 [WARN] `Astro.request.headers` was used when rendering the route `src/pages/index.astro'`. `Astro.request.headers` is not available on prerendered pages. If you need access to request headers, make sure that the page is server-rendered using `export const prerender = false;` or by setting `output` to `"server"` in your Astro config to make all your pages server-rendered by default.
 (+18ms) 
05:39:39 ✓ Completed in 15.42s.

 generating optimized images 
05:39:39   ▶ /_astro/logo.gzSZM-kU_2uBABn.webp (reused cache entry) (+1ms) (1/4)
05:39:39   ▶ /_astro/logo.gzSZM-kU_Z2wV7ql.webp (reused cache entry) (+1ms) (2/4)
05:39:39   ▶ /_astro/logo.gzSZM-kU_Eo7SQ.webp (reused cache entry) (+1ms) (3/4)
05:39:39   ▶ /_astro/logo.gzSZM-kU_Z18dmu.webp (reused cache entry) (+1ms) (4/4)
05:39:39 ✓ Completed in 6ms.

05:39:39 [build] Rearranging server assets...
05:39:39 [build] ✓ Completed in 18.34s.
05:39:40 [@astrojs/vercel] Bundling function ..\..\..\..\dist\server\entry.mjs
05:39:42 [build] Waiting for integration "@astrojs/vercel", hook "astro:build:done"...
05:39:43 [@astrojs/sitemap] `sitemap-index.xml` created at `dist\client`
[32mastro-robots-txt:[0m `robots.txt` is created.

05:39:43 [@astrojs/vercel] Copying static files to .vercel/output/static
05:39:43 [build] Server built in 22.46s
05:39:43 [build] Complete!
